#-----------------------------------------------------------
# Vivado v2022.1 (64-bit)
# SW Build 3526262 on Mon Apr 18 15:47:01 MDT 2022
# IP Build 3524634 on Mon Apr 18 20:55:01 MDT 2022
# Start of session at: Sun Sep  4 18:31:21 2022
# Process ID: 49124
# Current directory: /home/trevor/Documents/xilinx/basys3_pong2/vivado/project_1/project_1.runs/extractEFrames_accel_0_synth_1
# Command line: vivado -log extractEFrames_accel_0.vds -product Vivado -mode batch -messageDb vivado.pb -notrace -source extractEFrames_accel_0.tcl
# Log file: /home/trevor/Documents/xilinx/basys3_pong2/vivado/project_1/project_1.runs/extractEFrames_accel_0_synth_1/extractEFrames_accel_0.vds
# Journal file: /home/trevor/Documents/xilinx/basys3_pong2/vivado/project_1/project_1.runs/extractEFrames_accel_0_synth_1/vivado.jou
# Running On: ubuntu-dev2, OS: Linux, CPU Frequency: 3193.980 MHz, CPU Physical cores: 4, Host memory: 16778 MB
#-----------------------------------------------------------
source extractEFrames_accel_0.tcl -notrace
