

================================================================
== Vitis HLS Report for 'VMixHlsDataFlowFunction'
================================================================
* Date:           Tue Sep  6 19:47:00 2022

* Version:        2022.1 (Build 3526262 on Mon Apr 18 15:47:01 MDT 2022)
* Project:        prj
* Solution:       sol (Vivado IP Flow Target)
* Product family: artix7
* Target device:  xc7a35t-cpg236-1


================================================================
== Performance Estimates
================================================================
+ Timing: 
    * Summary: 
    +--------+----------+----------+------------+
    |  Clock |  Target  | Estimated| Uncertainty|
    +--------+----------+----------+------------+
    |ap_clk  |  20.00 ns|  8.469 ns|     5.40 ns|
    +--------+----------+----------+------------+

+ Latency: 
    * Summary: 
    +---------+---------+----------+----------+-----+-----+----------+
    |  Latency (cycles) |  Latency (absolute) |  Interval | Pipeline |
    |   min   |   max   |    min   |    max   | min | max |   Type   |
    +---------+---------+----------+----------+-----+-----+----------+
    |        ?|        ?|         ?|         ?|    ?|    ?|  dataflow|
    +---------+---------+----------+----------+-----+-----+----------+

    + Detail: 
        * Instance: 
        +---------------------------------+------------------------------+---------+---------+-----------+-----------+-----+--------+---------+
        |                                 |                              |  Latency (cycles) |   Latency (absolute)  |   Interval   | Pipeline|
        |             Instance            |            Module            |   min   |   max   |    min    |    max    | min |   max  |   Type  |
        +---------------------------------+------------------------------+---------+---------+-----------+-----------+-----+--------+---------+
        |entry_proc_U0                    |entry_proc                    |        0|        0|       0 ns|       0 ns|    0|       0|       no|
        |AXIvideo2MultiPixStream_U0       |AXIvideo2MultiPixStream       |        2|   648006|  40.000 ns|  12.960 ms|    2|  648006|       no|
        |AXIvideoAlpha2MultiPixStream_U0  |AXIvideoAlpha2MultiPixStream  |        2|   648006|  40.000 ns|  12.960 ms|    2|  648006|       no|
        |v_mix_420_to_422_false_U0        |v_mix_420_to_422_false_s      |        1|   643201|  20.000 ns|  12.864 ms|    1|  643201|       no|
        |v_mix_420_to_422_false_1_U0      |v_mix_420_to_422_false_1      |        1|   643201|  20.000 ns|  12.864 ms|    1|  643201|       no|
        |v_mix_upsample_alpha_false_U0    |v_mix_upsample_alpha_false_s  |        1|   643201|  20.000 ns|  12.864 ms|    1|  643201|       no|
        |v_mix_422_to_444_false_U0        |v_mix_422_to_444_false_s      |        1|   643201|  20.000 ns|  12.864 ms|    1|  643201|       no|
        |v_mix_422_to_444_false_2_U0      |v_mix_422_to_444_false_2      |        1|   643201|  20.000 ns|  12.864 ms|    1|  643201|       no|
        |v_mix_yuv2rgb_false_U0           |v_mix_yuv2rgb_false_s         |        1|   643201|  20.000 ns|  12.864 ms|    1|  643201|       no|
        |v_mix_yuv2rgb_false_3_U0         |v_mix_yuv2rgb_false_3         |        1|   643201|  20.000 ns|  12.864 ms|    1|  643201|       no|
        |v_mix_upsample_false_U0          |v_mix_upsample_false_s        |        1|   643201|  20.000 ns|  12.864 ms|    1|  643201|       no|
        |v_mix_core_alpha_true_true_U0    |v_mix_core_alpha_true_true_s  |        ?|        ?|          ?|          ?|    ?|       ?|       no|
        |v_mix_rgb2yuv_false_U0           |v_mix_rgb2yuv_false_s         |        1|   643201|  20.000 ns|  12.864 ms|    1|  643201|       no|
        |v_mix_444_to_422_false_U0        |v_mix_444_to_422_false_s      |        1|   643201|  20.000 ns|  12.864 ms|    1|  643201|       no|
        |v_mix_422_to_420_false_U0        |v_mix_422_to_420_false_s      |        1|   643201|  20.000 ns|  12.864 ms|    1|  643201|       no|
        |MultiPixStream2AXIvideo_U0       |MultiPixStream2AXIvideo       |        2|   644002|  40.000 ns|  12.880 ms|    2|  644002|       no|
        +---------------------------------+------------------------------+---------+---------+-----------+-----------+-----+--------+---------+

        * Loop: 
        N/A



================================================================
== Utilization Estimates
================================================================
* Summary: 
+-----------------+---------+----+-------+-------+-----+
|       Name      | BRAM_18K| DSP|   FF  |  LUT  | URAM|
+-----------------+---------+----+-------+-------+-----+
|DSP              |        -|   -|      -|      -|    -|
|Expression       |        -|   -|      0|     18|    -|
|FIFO             |        -|   -|   5247|   3596|    -|
|Instance         |        -|   3|   1285|   4497|    -|
|Memory           |        -|   -|      -|      -|    -|
|Multiplexer      |        -|   -|      -|     27|    -|
|Register         |        -|   -|      3|      -|    -|
+-----------------+---------+----+-------+-------+-----+
|Total            |        0|   3|   6535|   8138|    0|
+-----------------+---------+----+-------+-------+-----+
|Available        |      100|  90|  41600|  20800|    0|
+-----------------+---------+----+-------+-------+-----+
|Utilization (%)  |        0|   3|     15|     39|    0|
+-----------------+---------+----+-------+-------+-----+

+ Detail: 
    * Instance: 
    +---------------------------------+------------------------------+---------+----+-----+-----+-----+
    |             Instance            |            Module            | BRAM_18K| DSP|  FF | LUT | URAM|
    +---------------------------------+------------------------------+---------+----+-----+-----+-----+
    |AXIvideo2MultiPixStream_U0       |AXIvideo2MultiPixStream       |        0|   0|  156|  426|    0|
    |AXIvideoAlpha2MultiPixStream_U0  |AXIvideoAlpha2MultiPixStream  |        0|   0|  200|  489|    0|
    |MultiPixStream2AXIvideo_U0       |MultiPixStream2AXIvideo       |        0|   0|   96|  243|    0|
    |entry_proc_U0                    |entry_proc                    |        0|   0|    3|  110|    0|
    |v_mix_420_to_422_false_1_U0      |v_mix_420_to_422_false_1      |        0|   0|   50|  234|    0|
    |v_mix_420_to_422_false_U0        |v_mix_420_to_422_false_s      |        0|   0|   30|  198|    0|
    |v_mix_422_to_420_false_U0        |v_mix_422_to_420_false_s      |        0|   0|   49|  216|    0|
    |v_mix_422_to_444_false_2_U0      |v_mix_422_to_444_false_2      |        0|   0|   50|  234|    0|
    |v_mix_422_to_444_false_U0        |v_mix_422_to_444_false_s      |        0|   0|   30|  198|    0|
    |v_mix_444_to_422_false_U0        |v_mix_444_to_422_false_s      |        0|   0|   49|  216|    0|
    |v_mix_core_alpha_true_true_U0    |v_mix_core_alpha_true_true_s  |        0|   3|  346|  889|    0|
    |v_mix_rgb2yuv_false_U0           |v_mix_rgb2yuv_false_s         |        0|   0|   49|  216|    0|
    |v_mix_upsample_alpha_false_U0    |v_mix_upsample_alpha_false_s  |        0|   0|   49|  198|    0|
    |v_mix_upsample_false_U0          |v_mix_upsample_false_s        |        0|   0|   49|  216|    0|
    |v_mix_yuv2rgb_false_3_U0         |v_mix_yuv2rgb_false_3         |        0|   0|   50|  234|    0|
    |v_mix_yuv2rgb_false_U0           |v_mix_yuv2rgb_false_s         |        0|   0|   29|  180|    0|
    +---------------------------------+------------------------------+---------+----+-----+-----+-----+
    |Total                            |                              |        0|   3| 1285| 4497|    0|
    +---------------------------------+------------------------------+---------+----+-----+-----+-----+

    * DSP: 
    N/A

    * Memory: 
    N/A

    * FIFO: 
    +------------------------------+---------+----+----+-----+------+-----+---------+
    |             Name             | BRAM_18K| FF | LUT| URAM| Depth| Bits| Size:D*B|
    +------------------------------+---------+----+----+-----+------+-----+---------+
    |HwReg_background_U_G_c_U      |        0|  99|   0|    -|     7|    8|       56|
    |HwReg_background_V_B_c_U      |        0|  99|   0|    -|     7|    8|       56|
    |HwReg_background_Y_R_c_U      |        0|  99|   0|    -|     7|    8|       56|
    |HwReg_height_c43_U            |        0|  99|   0|    -|     2|   10|       20|
    |HwReg_height_c44_U            |        0|  99|   0|    -|     2|   10|       20|
    |HwReg_height_c45_U            |        0|  99|   0|    -|     2|   10|       20|
    |HwReg_height_c46_U            |        0|  99|   0|    -|     7|   10|       70|
    |HwReg_height_c_U              |        0|  99|   0|    -|     2|   10|       20|
    |HwReg_layerAlpha_1_c_U        |        0|  99|   0|    -|     7|   10|       70|
    |HwReg_layerEnable_c_U         |        0|  99|   0|    -|     7|    2|       14|
    |HwReg_layerHeight_1_c58_U     |        0|  99|   0|    -|     2|   16|       32|
    |HwReg_layerHeight_1_c59_U     |        0|  99|   0|    -|     2|   10|       20|
    |HwReg_layerHeight_1_c60_U     |        0|  99|   0|    -|     2|   10|       20|
    |HwReg_layerHeight_1_c61_U     |        0|  99|   0|    -|     2|   10|       20|
    |HwReg_layerHeight_1_c62_U     |        0|  99|   0|    -|     2|   16|       32|
    |HwReg_layerHeight_1_c_U       |        0|  99|   0|    -|     2|   10|       20|
    |HwReg_layerScaleFactor_1_c_U  |        0|  99|   0|    -|     7|    8|       56|
    |HwReg_layerStartX_1_c_U       |        0|  99|   0|    -|     7|   16|      112|
    |HwReg_layerStartY_1_c_U       |        0|  99|   0|    -|     7|   16|      112|
    |HwReg_layerWidth_1_c53_U      |        0|  99|   0|    -|     2|   16|       32|
    |HwReg_layerWidth_1_c54_U      |        0|  99|   0|    -|     2|   10|       20|
    |HwReg_layerWidth_1_c55_U      |        0|  99|   0|    -|     2|   10|       20|
    |HwReg_layerWidth_1_c56_U      |        0|  99|   0|    -|     2|   10|       20|
    |HwReg_layerWidth_1_c57_U      |        0|  99|   0|    -|     2|   16|       32|
    |HwReg_layerWidth_1_c_U        |        0|  99|   0|    -|     2|   10|       20|
    |HwReg_width_c39_U             |        0|  99|   0|    -|     2|   10|       20|
    |HwReg_width_c40_U             |        0|  99|   0|    -|     2|   10|       20|
    |HwReg_width_c41_U             |        0|  99|   0|    -|     2|   10|       20|
    |HwReg_width_c42_U             |        0|  99|   0|    -|     7|   10|       70|
    |HwReg_width_c_U               |        0|  99|   0|    -|     2|   10|       20|
    |out420_U                      |        0|  99|   0|    -|     2|   24|       48|
    |out422_U                      |        0|  99|   0|    -|     2|   24|       48|
    |outLayer0_U                   |        0|  99|   0|    -|     2|   24|       48|
    |outLayer1_U                   |        0|  99|   0|    -|     2|   24|       48|
    |outYuv_U                      |        0|  99|   0|    -|     2|   24|       48|
    |p_read1_c49_U                 |        0|  99|   0|    -|     2|    1|        2|
    |p_read1_c50_U                 |        0|  99|   0|    -|     2|    1|        2|
    |p_read1_c51_U                 |        0|  99|   0|    -|     2|    1|        2|
    |p_read1_c52_U                 |        0|  99|   0|    -|     2|    1|        2|
    |p_read1_c_U                   |        0|  99|   0|    -|     2|    1|        2|
    |p_read_c47_U                  |        0|  99|   0|    -|     2|    1|        2|
    |p_read_c48_U                  |        0|  99|   0|    -|     2|    1|        2|
    |p_read_c_U                    |        0|  99|   0|    -|     2|    1|        2|
    |srcLayer0Yuv422_U             |        0|  99|   0|    -|     2|   24|       48|
    |srcLayer0Yuv_U                |        0|  99|   0|    -|     2|   24|       48|
    |srcLayer0_U                   |        0|  99|   0|    -|     2|   24|       48|
    |srcLayer1Alpha_U              |        0|  99|   0|    -|    16|    8|      128|
    |srcLayer1Alphax_U             |        0|  99|   0|    -|    16|    8|      128|
    |srcLayer1Rgb_U                |        0|  99|   0|    -|     2|   24|       48|
    |srcLayer1Yuv422_U             |        0|  99|   0|    -|     2|   24|       48|
    |srcLayer1Yuv_U                |        0|  99|   0|    -|     2|   24|       48|
    |srcLayer1_U                   |        0|  99|   0|    -|     2|   24|       48|
    |srcLayer1x_U                  |        0|  99|   0|    -|     2|   24|       48|
    +------------------------------+---------+----+----+-----+------+-----+---------+
    |Total                         |        0|5247|   0|    0|   184|  656|     2016|
    +------------------------------+---------+----+----+-----+------+-----+---------+

    * Expression: 
    +--------------------------------------------------+----------+----+---+----+------------+------------+
    |                   Variable Name                  | Operation| DSP| FF| LUT| Bitwidth P0| Bitwidth P1|
    +--------------------------------------------------+----------+----+---+----+------------+------------+
    |AXIvideo2MultiPixStream_U0_ap_start               |       and|   0|  0|   2|           1|           1|
    |AXIvideoAlpha2MultiPixStream_U0_ap_start          |       and|   0|  0|   2|           1|           1|
    |AXIvideoAlpha2MultiPixStream_U0_start_full_n      |       and|   0|  0|   2|           1|           1|
    |ap_idle                                           |       and|   0|  0|   2|           1|           1|
    |ap_sync_ready                                     |       and|   0|  0|   2|           1|           1|
    |entry_proc_U0_ap_start                            |       and|   0|  0|   2|           1|           1|
    |ap_sync_AXIvideo2MultiPixStream_U0_ap_ready       |        or|   0|  0|   2|           1|           1|
    |ap_sync_AXIvideoAlpha2MultiPixStream_U0_ap_ready  |        or|   0|  0|   2|           1|           1|
    |ap_sync_entry_proc_U0_ap_ready                    |        or|   0|  0|   2|           1|           1|
    +--------------------------------------------------+----------+----+---+----+------------+------------+
    |Total                                             |          |   0|  0|  18|           9|           9|
    +--------------------------------------------------+----------+----+---+----+------------+------------+

    * Multiplexer: 
    +------------------------------------------------------+----+-----------+-----+-----------+
    |                         Name                         | LUT| Input Size| Bits| Total Bits|
    +------------------------------------------------------+----+-----------+-----+-----------+
    |ap_sync_reg_AXIvideo2MultiPixStream_U0_ap_ready       |   9|          2|    1|          2|
    |ap_sync_reg_AXIvideoAlpha2MultiPixStream_U0_ap_ready  |   9|          2|    1|          2|
    |ap_sync_reg_entry_proc_U0_ap_ready                    |   9|          2|    1|          2|
    +------------------------------------------------------+----+-----------+-----+-----------+
    |Total                                                 |  27|          6|    3|          6|
    +------------------------------------------------------+----+-----------+-----+-----------+

    * Register: 
    +------------------------------------------------------+---+----+-----+-----------+
    |                         Name                         | FF| LUT| Bits| Const Bits|
    +------------------------------------------------------+---+----+-----+-----------+
    |ap_sync_reg_AXIvideo2MultiPixStream_U0_ap_ready       |  1|   0|    1|          0|
    |ap_sync_reg_AXIvideoAlpha2MultiPixStream_U0_ap_ready  |  1|   0|    1|          0|
    |ap_sync_reg_entry_proc_U0_ap_ready                    |  1|   0|    1|          0|
    +------------------------------------------------------+---+----+-----+-----------+
    |Total                                                 |  3|   0|    3|          0|
    +------------------------------------------------------+---+----+-----+-----------+



================================================================
== Interface
================================================================
* Summary: 
+----------------------+-----+-----+------------+-------------------------+--------------+
|       RTL Ports      | Dir | Bits|  Protocol  |      Source Object      |    C Type    |
+----------------------+-----+-----+------------+-------------------------+--------------+
|p_read                |   in|   10|     ap_none|                   p_read|        scalar|
|p_read_ap_vld         |   in|    1|     ap_none|                   p_read|        scalar|
|p_read1               |   in|   10|     ap_none|                  p_read1|        scalar|
|p_read1_ap_vld        |   in|    1|     ap_none|                  p_read1|        scalar|
|p_read2               |   in|    8|     ap_none|                  p_read2|        scalar|
|p_read2_ap_vld        |   in|    1|     ap_none|                  p_read2|        scalar|
|p_read3               |   in|    8|     ap_none|                  p_read3|        scalar|
|p_read3_ap_vld        |   in|    1|     ap_none|                  p_read3|        scalar|
|p_read4               |   in|    8|     ap_none|                  p_read4|        scalar|
|p_read4_ap_vld        |   in|    1|     ap_none|                  p_read4|        scalar|
|p_read5               |   in|    2|     ap_none|                  p_read5|        scalar|
|p_read5_ap_vld        |   in|    1|     ap_none|                  p_read5|        scalar|
|p_read6               |   in|    1|     ap_none|                  p_read6|        scalar|
|p_read6_ap_vld        |   in|    1|     ap_none|                  p_read6|        scalar|
|p_read17              |   in|    1|     ap_none|                 p_read17|        scalar|
|p_read17_ap_vld       |   in|    1|     ap_none|                 p_read17|        scalar|
|p_read8               |   in|   10|     ap_none|                  p_read8|        scalar|
|p_read8_ap_vld        |   in|    1|     ap_none|                  p_read8|        scalar|
|p_read9               |   in|   16|     ap_none|                  p_read9|        scalar|
|p_read9_ap_vld        |   in|    1|     ap_none|                  p_read9|        scalar|
|p_read10              |   in|   16|     ap_none|                 p_read10|        scalar|
|p_read10_ap_vld       |   in|    1|     ap_none|                 p_read10|        scalar|
|p_read211             |   in|   10|     ap_none|                p_read211|        scalar|
|p_read211_ap_vld      |   in|    1|     ap_none|                p_read211|        scalar|
|p_read7               |   in|   16|     ap_none|                  p_read7|        scalar|
|p_read7_ap_vld        |   in|    1|     ap_none|                  p_read7|        scalar|
|p_read312             |   in|   10|     ap_none|                p_read312|        scalar|
|p_read312_ap_vld      |   in|    1|     ap_none|                p_read312|        scalar|
|p_read11              |   in|   16|     ap_none|                 p_read11|        scalar|
|p_read11_ap_vld       |   in|    1|     ap_none|                 p_read11|        scalar|
|p_read13              |   in|    8|     ap_none|                 p_read13|        scalar|
|p_read13_ap_vld       |   in|    1|     ap_none|                 p_read13|        scalar|
|s_axis_video_TDATA    |   in|   24|        axis|    s_axis_video_V_data_V|       pointer|
|s_axis_video_TKEEP    |   in|    3|        axis|    s_axis_video_V_keep_V|       pointer|
|s_axis_video_TSTRB    |   in|    3|        axis|    s_axis_video_V_strb_V|       pointer|
|s_axis_video_TUSER    |   in|    1|        axis|    s_axis_video_V_user_V|       pointer|
|s_axis_video_TLAST    |   in|    1|        axis|    s_axis_video_V_last_V|       pointer|
|s_axis_video_TID      |   in|    1|        axis|      s_axis_video_V_id_V|       pointer|
|s_axis_video_TDEST    |   in|    1|        axis|    s_axis_video_V_dest_V|       pointer|
|s_axis_video_TVALID   |   in|    1|        axis|    s_axis_video_V_dest_V|       pointer|
|s_axis_video_TREADY   |  out|    1|        axis|    s_axis_video_V_dest_V|       pointer|
|s_axis_video1_TDATA   |   in|   32|        axis|   s_axis_video1_V_data_V|       pointer|
|s_axis_video1_TKEEP   |   in|    4|        axis|   s_axis_video1_V_keep_V|       pointer|
|s_axis_video1_TSTRB   |   in|    4|        axis|   s_axis_video1_V_strb_V|       pointer|
|s_axis_video1_TUSER   |   in|    1|        axis|   s_axis_video1_V_user_V|       pointer|
|s_axis_video1_TLAST   |   in|    1|        axis|   s_axis_video1_V_last_V|       pointer|
|s_axis_video1_TID     |   in|    1|        axis|     s_axis_video1_V_id_V|       pointer|
|s_axis_video1_TDEST   |   in|    1|        axis|   s_axis_video1_V_dest_V|       pointer|
|s_axis_video1_TVALID  |   in|    1|        axis|   s_axis_video1_V_dest_V|       pointer|
|s_axis_video1_TREADY  |  out|    1|        axis|   s_axis_video1_V_dest_V|       pointer|
|m_axis_video_TDATA    |  out|   24|        axis|    m_axis_video_V_data_V|       pointer|
|m_axis_video_TKEEP    |  out|    3|        axis|    m_axis_video_V_keep_V|       pointer|
|m_axis_video_TSTRB    |  out|    3|        axis|    m_axis_video_V_strb_V|       pointer|
|m_axis_video_TUSER    |  out|    1|        axis|    m_axis_video_V_user_V|       pointer|
|m_axis_video_TLAST    |  out|    1|        axis|    m_axis_video_V_last_V|       pointer|
|m_axis_video_TID      |  out|    1|        axis|      m_axis_video_V_id_V|       pointer|
|m_axis_video_TDEST    |  out|    1|        axis|    m_axis_video_V_dest_V|       pointer|
|m_axis_video_TVALID   |  out|    1|        axis|    m_axis_video_V_dest_V|       pointer|
|m_axis_video_TREADY   |   in|    1|        axis|    m_axis_video_V_dest_V|       pointer|
|ap_clk                |   in|    1|  ap_ctrl_hs|  VMixHlsDataFlowFunction|  return value|
|ap_rst                |   in|    1|  ap_ctrl_hs|  VMixHlsDataFlowFunction|  return value|
|ap_start              |   in|    1|  ap_ctrl_hs|  VMixHlsDataFlowFunction|  return value|
|ap_done               |  out|    1|  ap_ctrl_hs|  VMixHlsDataFlowFunction|  return value|
|ap_ready              |  out|    1|  ap_ctrl_hs|  VMixHlsDataFlowFunction|  return value|
|ap_idle               |  out|    1|  ap_ctrl_hs|  VMixHlsDataFlowFunction|  return value|
|ap_continue           |   in|    1|  ap_ctrl_hs|  VMixHlsDataFlowFunction|  return value|
+----------------------+-----+-----+------------+-------------------------+--------------+

